{
  "TargetAPK": {
    "Name": "python-3.11",
    "Version": "3.11.1-r5",
    "OriginPackageName": "python-3.11",
    "Arch": "x86_64"
  },
  "Findings": [
    {
      "Package": {
        "ID": "fb73f3cf6020c0d4",
        "Name": "python-3.11",
        "Version": "3.11.1-r5",
        "Type": "apk",
        "Location": "/.PKGINFO",
        "PURL": "pkg:apk/wolfi/python-3.11@3.11.1-r5?arch=x86_64\u0026origin=python-3.11"
      },
      "Vulnerability": {
        "ID": "CVE-2023-27043",
        "Severity": "Medium",
        "Aliases": null,
        "FixedVersion": "3.11.8-r1"
      }
    },
    {
      "Package": {
        "ID": "fb73f3cf6020c0d4",
        "Name": "python-3.11",
        "Version": "3.11.1-r5",
        "Type": "apk",
        "Location": "/.PKGINFO",
        "PURL": "pkg:apk/wolfi/python-3.11@3.11.1-r5?arch=x86_64\u0026origin=python-3.11"
      },
      "Vulnerability": {
        "ID": "CVE-2023-40217",
        "Severity": "Medium",
        "Aliases": null,
        "FixedVersion": ""
      }
    },
    {
      "Package": {
        "ID": "fb73f3cf6020c0d4",
        "Name": "python-3.11",
        "Version": "3.11.1-r5",
        "Type": "apk",
        "Location": "/.PKGINFO",
        "PURL": "pkg:apk/wolfi/python-3.11@3.11.1-r5?arch=x86_64\u0026origin=python-3.11"
      },
      "Vulnerability": {
        "ID": "CVE-2023-41105",
        "Severity": "High",
        "Aliases": null,
        "FixedVersion": ""
      }
    },
    {
      "Package": {
        "ID": "fb73f3cf6020c0d4",
        "Name": "python-3.11",
        "Version": "3.11.1-r5",
        "Type": "apk",
        "Location": "/.PKGINFO",
        "PURL": "pkg:apk/wolfi/python-3.11@3.11.1-r5?arch=x86_64\u0026origin=python-3.11"
      },
      "Vulnerability": {
        "ID": "CVE-2023-6597",
        "Severity": "High",
        "Aliases": null,
        "FixedVersion": "3.11.8-r0"
      }
    },
    {
      "Package": {
        "ID": "fb73f3cf6020c0d4",
        "Name": "python-3.11",
        "Version": "3.11.1-r5",
        "Type": "apk",
        "Location": "/.PKGINFO",
        "PURL": "pkg:apk/wolfi/python-3.11@3.11.1-r5?arch=x86_64\u0026origin=python-3.11"
      },
      "Vulnerability": {
        "ID": "CVE-2024-0397",
        "Severity": "High",
        "Aliases": null,
        "FixedVersion": ""
      }
    },
    {
      "Package": {
        "ID": "fb73f3cf6020c0d4",
        "Name": "python-3.11",
        "Version": "3.11.1-r5",
        "Type": "apk",
        "Location": "/.PKGINFO",
        "PURL": "pkg:apk/wolfi/python-3.11@3.11.1-r5?arch=x86_64\u0026origin=python-3.11"
      },
      "Vulnerability": {
        "ID": "CVE-2024-0450",
        "Severity": "Medium",
        "Aliases": null,
        "FixedVersion": "3.11.8-r0"
      }
    },
    {
      "Package": {
        "ID": "fb73f3cf6020c0d4",
        "Name": "python-3.11",
        "Version": "3.11.1-r5",
        "Type": "apk",
        "Location": "/.PKGINFO",
        "PURL": "pkg:apk/wolfi/python-3.11@3.11.1-r5?arch=x86_64\u0026origin=python-3.11"
      },
      "Vulnerability": {
        "ID": "CVE-2024-11168",
        "Severity": "Low",
        "Aliases": null,
        "FixedVersion": ""
      }
    },
    {
      "Package": {
        "ID": "fb73f3cf6020c0d4",
        "Name": "python-3.11",
        "Version": "3.11.1-r5",
        "Type": "apk",
        "Location": "/.PKGINFO",
        "PURL": "pkg:apk/wolfi/python-3.11@3.11.1-r5?arch=x86_64\u0026origin=python-3.11"
      },
      "Vulnerability": {
        "ID": "CVE-2024-4032",
        "Severity": "High",
        "Aliases": null,
        "FixedVersion": "3.11.9-r4"
      }
    },
    {
      "Package": {
        "ID": "fb73f3cf6020c0d4",
        "Name": "python-3.11",
        "Version": "3.11.1-r5",
        "Type": "apk",
        "Location": "/.PKGINFO",
        "PURL": "pkg:apk/wolfi/python-3.11@3.11.1-r5?arch=x86_64\u0026origin=python-3.11"
      },
      "Vulnerability": {
        "ID": "CVE-2024-50602",
        "Severity": "Medium",
        "Aliases": null,
        "FixedVersion": "3.11.11-r0"
      }
    },
    {
      "Package": {
        "ID": "fb73f3cf6020c0d4",
        "Name": "python-3.11",
        "Version": "3.11.1-r5",
        "Type": "apk",
        "Location": "/.PKGINFO",
        "PURL": "pkg:apk/wolfi/python-3.11@3.11.1-r5?arch=x86_64\u0026origin=python-3.11"
      },
      "Vulnerability": {
        "ID": "CVE-2024-6232",
        "Severity": "High",
        "Aliases": null,
        "FixedVersion": "3.11.9-r9"
      }
    },
    {
      "Package": {
        "ID": "fb73f3cf6020c0d4",
        "Name": "python-3.11",
        "Version": "3.11.1-r5",
        "Type": "apk",
        "Location": "/.PKGINFO",
        "PURL": "pkg:apk/wolfi/python-3.11@3.11.1-r5?arch=x86_64\u0026origin=python-3.11"
      },
      "Vulnerability": {
        "ID": "CVE-2024-6923",
        "Severity": "Medium",
        "Aliases": null,
        "FixedVersion": "3.11.10-r0"
      }
    },
    {
      "Package": {
        "ID": "fb73f3cf6020c0d4",
        "Name": "python-3.11",
        "Version": "3.11.1-r5",
        "Type": "apk",
        "Location": "/.PKGINFO",
        "PURL": "pkg:apk/wolfi/python-3.11@3.11.1-r5?arch=x86_64\u0026origin=python-3.11"
      },
      "Vulnerability": {
        "ID": "CVE-2024-7592",
        "Severity": "High",
        "Aliases": null,
        "FixedVersion": "3.11.9-r9"
      }
    },
    {
      "Package": {
        "ID": "fb73f3cf6020c0d4",
        "Name": "python-3.11",
        "Version": "3.11.1-r5",
        "Type": "apk",
        "Location": "/.PKGINFO",
        "PURL": "pkg:apk/wolfi/python-3.11@3.11.1-r5?arch=x86_64\u0026origin=python-3.11"
      },
      "Vulnerability": {
        "ID": "CVE-2024-8088",
        "Severity": "Unknown",
        "Aliases": null,
        "FixedVersion": "3.11.9-r8"
      }
    },
    {
      "Package": {
        "ID": "fb73f3cf6020c0d4",
        "Name": "python-3.11",
        "Version": "3.11.1-r5",
        "Type": "apk",
        "Location": "/.PKGINFO",
        "PURL": "pkg:apk/wolfi/python-3.11@3.11.1-r5?arch=x86_64\u0026origin=python-3.11"
      },
      "Vulnerability": {
        "ID": "CVE-2024-9287",
        "Severity": "High",
        "Aliases": null,
        "FixedVersion": "3.11.10-r4"
      }
    },
    {
      "Package": {
        "ID": "fb73f3cf6020c0d4",
        "Name": "python-3.11",
        "Version": "3.11.1-r5",
        "Type": "apk",
        "Location": "/.PKGINFO",
        "PURL": "pkg:apk/wolfi/python-3.11@3.11.1-r5?arch=x86_64\u0026origin=python-3.11"
      },
      "Vulnerability": {
        "ID": "CVE-2025-0938",
        "Severity": "Unknown",
        "Aliases": null,
        "FixedVersion": ""
      }
    },
    {
      "Package": {
        "ID": "fb73f3cf6020c0d4",
        "Name": "python-3.11",
        "Version": "3.11.1-r5",
        "Type": "apk",
        "Location": "/.PKGINFO",
        "PURL": "pkg:apk/wolfi/python-3.11@3.11.1-r5?arch=x86_64\u0026origin=python-3.11"
      },
      "Vulnerability": {
        "ID": "CVE-2025-1795",
        "Severity": "Unknown",
        "Aliases": null,
        "FixedVersion": ""
      }
    },
    {
      "Package": {
        "ID": "fb73f3cf6020c0d4",
        "Name": "python-3.11",
        "Version": "3.11.1-r5",
        "Type": "apk",
        "Location": "/.PKGINFO",
        "PURL": "pkg:apk/wolfi/python-3.11@3.11.1-r5?arch=x86_64\u0026origin=python-3.11"
      },
      "Vulnerability": {
        "ID": "GHSA-5mwm-wccq-xqcp",
        "Severity": "Unknown",
        "Aliases": null,
        "FixedVersion": "3.11.8-r1"
      }
    },
    {
      "Package": {
        "ID": "fb73f3cf6020c0d4",
        "Name": "python-3.11",
        "Version": "3.11.1-r5",
        "Type": "apk",
        "Location": "/.PKGINFO",
        "PURL": "pkg:apk/wolfi/python-3.11@3.11.1-r5?arch=x86_64\u0026origin=python-3.11"
      },
      "Vulnerability": {
        "ID": "GHSA-797f-63wg-8chv",
        "Severity": "Unknown",
        "Aliases": null,
        "FixedVersion": "3.11.8-r0"
      }
    },
    {
      "Package": {
        "ID": "fb73f3cf6020c0d4",
        "Name": "python-3.11",
        "Version": "3.11.1-r5",
        "Type": "apk",
        "Location": "/.PKGINFO",
        "PURL": "pkg:apk/wolfi/python-3.11@3.11.1-r5?arch=x86_64\u0026origin=python-3.11"
      },
      "Vulnerability": {
        "ID": "GHSA-79wf-qgrg-2p6c",
        "Severity": "Unknown",
        "Aliases": null,
        "FixedVersion": "3.11.11-r0"
      }
    },
    {
      "Package": {
        "ID": "fb73f3cf6020c0d4",
        "Name": "python-3.11",
        "Version": "3.11.1-r5",
        "Type": "apk",
        "Location": "/.PKGINFO",
        "PURL": "pkg:apk/wolfi/python-3.11@3.11.1-r5?arch=x86_64\u0026origin=python-3.11"
      },
      "Vulnerability": {
        "ID": "GHSA-7pwv-g7hj-39pr",
        "Severity": "Unknown",
        "Aliases": null,
        "FixedVersion": "3.11.9-r9"
      }
    },
    {
      "Package": {
        "ID": "fb73f3cf6020c0d4",
        "Name": "python-3.11",
        "Version": "3.11.1-r5",
        "Type": "apk",
        "Location": "/.PKGINFO",
        "PURL": "pkg:apk/wolfi/python-3.11@3.11.1-r5?arch=x86_64\u0026origin=python-3.11"
      },
      "Vulnerability": {
        "ID": "GHSA-87qc-q3w7-7m8w",
        "Severity": "Unknown",
        "Aliases": null,
        "FixedVersion": "3.11.10-r0"
      }
    },
    {
      "Package": {
        "ID": "fb73f3cf6020c0d4",
        "Name": "python-3.11",
        "Version": "3.11.1-r5",
        "Type": "apk",
        "Location": "/.PKGINFO",
        "PURL": "pkg:apk/wolfi/python-3.11@3.11.1-r5?arch=x86_64\u0026origin=python-3.11"
      },
      "Vulnerability": {
        "ID": "GHSA-grqq-hcc7-crmr",
        "Severity": "Unknown",
        "Aliases": null,
        "FixedVersion": "3.11.10-r4"
      }
    },
    {
      "Package": {
        "ID": "fb73f3cf6020c0d4",
        "Name": "python-3.11",
        "Version": "3.11.1-r5",
        "Type": "apk",
        "Location": "/.PKGINFO",
        "PURL": "pkg:apk/wolfi/python-3.11@3.11.1-r5?arch=x86_64\u0026origin=python-3.11"
      },
      "Vulnerability": {
        "ID": "GHSA-jm46-725r-hh9v",
        "Severity": "Unknown",
        "Aliases": null,
        "FixedVersion": "3.11.8-r0"
      }
    },
    {
      "Package": {
        "ID": "fb73f3cf6020c0d4",
        "Name": "python-3.11",
        "Version": "3.11.1-r5",
        "Type": "apk",
        "Location": "/.PKGINFO",
        "PURL": "pkg:apk/wolfi/python-3.11@3.11.1-r5?arch=x86_64\u0026origin=python-3.11"
      },
      "Vulnerability": {
        "ID": "GHSA-mh6q-v4mp-2cc7",
        "Severity": "Unknown",
        "Aliases": null,
        "FixedVersion": "3.11.9-r4"
      }
    },
    {
      "Package": {
        "ID": "fb73f3cf6020c0d4",
        "Name": "python-3.11",
        "Version": "3.11.1-r5",
        "Type": "apk",
        "Location": "/.PKGINFO",
        "PURL": "pkg:apk/wolfi/python-3.11@3.11.1-r5?arch=x86_64\u0026origin=python-3.11"
      },
      "Vulnerability": {
        "ID": "GHSA-mmm5-wgvp-wp8r",
        "Severity": "Unknown",
        "Aliases": null,
        "FixedVersion": "3.11.9-r9"
      }
    },
    {
      "Package": {
        "ID": "fb73f3cf6020c0d4",
        "Name": "python-3.11",
        "Version": "3.11.1-r5",
        "Type": "apk",
        "Location": "/.PKGINFO",
        "PURL": "pkg:apk/wolfi/python-3.11@3.11.1-r5?arch=x86_64\u0026origin=python-3.11"
      },
      "Vulnerability": {
        "ID": "GHSA-q98g-hxg3-268c",
        "Severity": "Unknown",
        "Aliases": null,
        "FixedVersion": "3.11.9-r8"
      }
    },
    {
      "Package": {
        "ID": "2c8263814eb0e9b8",
        "Name": "pip",
        "Version": "22.3.1",
        "Type": "python",
        "Location": "/usr/lib/python3.11/ensurepip/_bundled/pip-22.3.1-py3-none-any.whl",
        "PURL": "pkg:pypi/pip@22.3.1"
      },
      "Vulnerability": {
        "ID": "GHSA-mq26-g339-26xf",
        "Severity": "Medium",
        "Aliases": [
          "CVE-2023-5752"
        ],
        "FixedVersion": "23.3"
      }
    },
    {
      "Package": {
        "ID": "a145349ac56ab1b1",
        "Name": "setuptools",
        "Version": "65.5.0",
        "Type": "python",
        "Location": "/usr/lib/python3.11/ensurepip/_bundled/setuptools-65.5.0-py3-none-any.whl",
        "PURL": "pkg:pypi/setuptools@65.5.0"
      },
      "Vulnerability": {
        "ID": "GHSA-cx63-2mw6-8hw5",
        "Severity": "High",
        "Aliases": [
          "CVE-2024-6345"
        ],
        "FixedVersion": "70.0.0"
      }
    },
    {
      "Package": {
        "ID": "a145349ac56ab1b1",
        "Name": "setuptools",
        "Version": "65.5.0",
        "Type": "python",
        "Location": "/usr/lib/python3.11/ensurepip/_bundled/setuptools-65.5.0-py3-none-any.whl",
        "PURL": "pkg:pypi/setuptools@65.5.0"
      },
      "Vulnerability": {
        "ID": "GHSA-r9hx-vwmv-q579",
        "Severity": "High",
        "Aliases": [
          "CVE-2022-40897"
        ],
        "FixedVersion": "65.5.1"
      }
    }
  ],
  "DataSource": {
    "Kind": "grype-db",
    "Schema": "v6.0.2",
    "Integrity": "imported_db_archive_checksum=sha256:cb212d2776d099cb8635d5d238fcb3894ea81c0285b27911585c7556fbcb412f",
    "Date": "2025-03-06T04:06:38Z"
  }
}
