{
  "TargetAPK": {
    "Name": "thanos-0.32",
    "Version": "0.32.5-r4",
    "OriginPackageName": "thanos-0.32",
    "Arch": "x86_64"
  },
  "Findings": [
    {
      "Package": {
        "ID": "2d2b04355924ae57",
        "Name": "github.com/Azure/azure-sdk-for-go/sdk/azidentity",
        "Version": "v1.3.1",
        "Type": "go-module",
        "Location": "/usr/bin/thanos",
        "PURL": "pkg:golang/github.com/Azure/azure-sdk-for-go@v1.3.1#sdk/azidentity"
      },
      "Vulnerability": {
        "ID": "GHSA-m5vv-6r4h-3vj9",
        "Severity": "Medium",
        "Aliases": [
          "CVE-2024-35255"
        ],
        "FixedVersion": "1.6.0"
      }
    },
    {
      "Package": {
        "ID": "a81fdd341b4ee1cc",
        "Name": "golang.org/x/crypto",
        "Version": "v0.17.0",
        "Type": "go-module",
        "Location": "/usr/bin/thanos",
        "PURL": "pkg:golang/golang.org/x/crypto@v0.17.0"
      },
      "Vulnerability": {
        "ID": "CVE-2025-22869",
        "Severity": "High",
        "Aliases": null,
        "FixedVersion": "0.35.0"
      }
    },
    {
      "Package": {
        "ID": "a81fdd341b4ee1cc",
        "Name": "golang.org/x/crypto",
        "Version": "v0.17.0",
        "Type": "go-module",
        "Location": "/usr/bin/thanos",
        "PURL": "pkg:golang/golang.org/x/crypto@v0.17.0"
      },
      "Vulnerability": {
        "ID": "GHSA-v778-237x-gjrc",
        "Severity": "Critical",
        "Aliases": [
          "CVE-2024-45337"
        ],
        "FixedVersion": "0.31.0"
      }
    },
    {
      "Package": {
        "ID": "6743558955678bb1",
        "Name": "golang.org/x/net",
        "Version": "v0.17.0",
        "Type": "go-module",
        "Location": "/usr/bin/thanos",
        "PURL": "pkg:golang/golang.org/x/net@v0.17.0"
      },
      "Vulnerability": {
        "ID": "GHSA-4v7x-pqxf-cx7m",
        "Severity": "Medium",
        "Aliases": [
          "CVE-2023-45288"
        ],
        "FixedVersion": "0.23.0"
      }
    },
    {
      "Package": {
        "ID": "6743558955678bb1",
        "Name": "golang.org/x/net",
        "Version": "v0.17.0",
        "Type": "go-module",
        "Location": "/usr/bin/thanos",
        "PURL": "pkg:golang/golang.org/x/net@v0.17.0"
      },
      "Vulnerability": {
        "ID": "GHSA-w32m-9786-jp63",
        "Severity": "High",
        "Aliases": [
          "CVE-2024-45338"
        ],
        "FixedVersion": "0.33.0"
      }
    },
    {
      "Package": {
        "ID": "b3c03fb8b6606b5a",
        "Name": "golang.org/x/oauth2",
        "Version": "v0.11.0",
        "Type": "go-module",
        "Location": "/usr/bin/thanos",
        "PURL": "pkg:golang/golang.org/x/oauth2@v0.11.0"
      },
      "Vulnerability": {
        "ID": "CVE-2025-22868",
        "Severity": "High",
        "Aliases": null,
        "FixedVersion": "0.27.0"
      }
    },
    {
      "Package": {
        "ID": "cc12b684c4cc6a86",
        "Name": "google.golang.org/protobuf",
        "Version": "v1.31.0",
        "Type": "go-module",
        "Location": "/usr/bin/thanos",
        "PURL": "pkg:golang/google.golang.org/protobuf@v1.31.0"
      },
      "Vulnerability": {
        "ID": "GHSA-8r3f-844c-mc37",
        "Severity": "Medium",
        "Aliases": [
          "CVE-2024-24786"
        ],
        "FixedVersion": "1.33.0"
      }
    },
    {
      "Package": {
        "ID": "a381e9342c27e49a",
        "Name": "stdlib",
        "Version": "go1.21.5",
        "Type": "go-module",
        "Location": "/usr/bin/thanos",
        "PURL": "pkg:golang/stdlib@1.21.5"
      },
      "Vulnerability": {
        "ID": "CVE-2023-45288",
        "Severity": "High",
        "Aliases": null,
        "FixedVersion": "1.21.9, 1.22.2"
      }
    },
    {
      "Package": {
        "ID": "a381e9342c27e49a",
        "Name": "stdlib",
        "Version": "go1.21.5",
        "Type": "go-module",
        "Location": "/usr/bin/thanos",
        "PURL": "pkg:golang/stdlib@1.21.5"
      },
      "Vulnerability": {
        "ID": "CVE-2023-45289",
        "Severity": "Medium",
        "Aliases": null,
        "FixedVersion": "1.21.8, 1.22.1, 1.21.8, 1.22.1"
      }
    },
    {
      "Package": {
        "ID": "a381e9342c27e49a",
        "Name": "stdlib",
        "Version": "go1.21.5",
        "Type": "go-module",
        "Location": "/usr/bin/thanos",
        "PURL": "pkg:golang/stdlib@1.21.5"
      },
      "Vulnerability": {
        "ID": "CVE-2023-45290",
        "Severity": "Medium",
        "Aliases": null,
        "FixedVersion": "1.21.8, 1.22.1"
      }
    },
    {
      "Package": {
        "ID": "a381e9342c27e49a",
        "Name": "stdlib",
        "Version": "go1.21.5",
        "Type": "go-module",
        "Location": "/usr/bin/thanos",
        "PURL": "pkg:golang/stdlib@1.21.5"
      },
      "Vulnerability": {
        "ID": "CVE-2024-24783",
        "Severity": "Medium",
        "Aliases": null,
        "FixedVersion": "1.21.8, 1.22.1"
      }
    },
    {
      "Package": {
        "ID": "a381e9342c27e49a",
        "Name": "stdlib",
        "Version": "go1.21.5",
        "Type": "go-module",
        "Location": "/usr/bin/thanos",
        "PURL": "pkg:golang/stdlib@1.21.5"
      },
      "Vulnerability": {
        "ID": "CVE-2024-24784",
        "Severity": "High",
        "Aliases": null,
        "FixedVersion": "1.21.8, 1.22.1"
      }
    },
    {
      "Package": {
        "ID": "a381e9342c27e49a",
        "Name": "stdlib",
        "Version": "go1.21.5",
        "Type": "go-module",
        "Location": "/usr/bin/thanos",
        "PURL": "pkg:golang/stdlib@1.21.5"
      },
      "Vulnerability": {
        "ID": "CVE-2024-24785",
        "Severity": "Unknown",
        "Aliases": null,
        "FixedVersion": "1.21.8, 1.22.1"
      }
    },
    {
      "Package": {
        "ID": "a381e9342c27e49a",
        "Name": "stdlib",
        "Version": "go1.21.5",
        "Type": "go-module",
        "Location": "/usr/bin/thanos",
        "PURL": "pkg:golang/stdlib@1.21.5"
      },
      "Vulnerability": {
        "ID": "CVE-2024-24787",
        "Severity": "Medium",
        "Aliases": null,
        "FixedVersion": "1.21.10, 1.22.3"
      }
    },
    {
      "Package": {
        "ID": "a381e9342c27e49a",
        "Name": "stdlib",
        "Version": "go1.21.5",
        "Type": "go-module",
        "Location": "/usr/bin/thanos",
        "PURL": "pkg:golang/stdlib@1.21.5"
      },
      "Vulnerability": {
        "ID": "CVE-2024-24789",
        "Severity": "Medium",
        "Aliases": null,
        "FixedVersion": "1.21.11, 1.22.4"
      }
    },
    {
      "Package": {
        "ID": "a381e9342c27e49a",
        "Name": "stdlib",
        "Version": "go1.21.5",
        "Type": "go-module",
        "Location": "/usr/bin/thanos",
        "PURL": "pkg:golang/stdlib@1.21.5"
      },
      "Vulnerability": {
        "ID": "CVE-2024-24790",
        "Severity": "Critical",
        "Aliases": null,
        "FixedVersion": "1.21.11, 1.22.4"
      }
    },
    {
      "Package": {
        "ID": "a381e9342c27e49a",
        "Name": "stdlib",
        "Version": "go1.21.5",
        "Type": "go-module",
        "Location": "/usr/bin/thanos",
        "PURL": "pkg:golang/stdlib@1.21.5"
      },
      "Vulnerability": {
        "ID": "CVE-2024-24791",
        "Severity": "High",
        "Aliases": null,
        "FixedVersion": "1.21.12, 1.22.5"
      }
    },
    {
      "Package": {
        "ID": "a381e9342c27e49a",
        "Name": "stdlib",
        "Version": "go1.21.5",
        "Type": "go-module",
        "Location": "/usr/bin/thanos",
        "PURL": "pkg:golang/stdlib@1.21.5"
      },
      "Vulnerability": {
        "ID": "CVE-2024-34155",
        "Severity": "Medium",
        "Aliases": null,
        "FixedVersion": "1.22.7, 1.23.1"
      }
    },
    {
      "Package": {
        "ID": "a381e9342c27e49a",
        "Name": "stdlib",
        "Version": "go1.21.5",
        "Type": "go-module",
        "Location": "/usr/bin/thanos",
        "PURL": "pkg:golang/stdlib@1.21.5"
      },
      "Vulnerability": {
        "ID": "CVE-2024-34156",
        "Severity": "High",
        "Aliases": null,
        "FixedVersion": "1.22.7, 1.23.1"
      }
    },
    {
      "Package": {
        "ID": "a381e9342c27e49a",
        "Name": "stdlib",
        "Version": "go1.21.5",
        "Type": "go-module",
        "Location": "/usr/bin/thanos",
        "PURL": "pkg:golang/stdlib@1.21.5"
      },
      "Vulnerability": {
        "ID": "CVE-2024-34158",
        "Severity": "High",
        "Aliases": null,
        "FixedVersion": "1.22.7, 1.23.1"
      }
    },
    {
      "Package": {
        "ID": "a381e9342c27e49a",
        "Name": "stdlib",
        "Version": "go1.21.5",
        "Type": "go-module",
        "Location": "/usr/bin/thanos",
        "PURL": "pkg:golang/stdlib@1.21.5"
      },
      "Vulnerability": {
        "ID": "CVE-2024-45336",
        "Severity": "Medium",
        "Aliases": null,
        "FixedVersion": "1.22.11, 1.23.5, 1.24.0-rc.2"
      }
    },
    {
      "Package": {
        "ID": "a381e9342c27e49a",
        "Name": "stdlib",
        "Version": "go1.21.5",
        "Type": "go-module",
        "Location": "/usr/bin/thanos",
        "PURL": "pkg:golang/stdlib@1.21.5"
      },
      "Vulnerability": {
        "ID": "CVE-2024-45341",
        "Severity": "Medium",
        "Aliases": null,
        "FixedVersion": "1.22.11, 1.23.5, 1.24.0-rc.2"
      }
    },
    {
      "Package": {
        "ID": "a381e9342c27e49a",
        "Name": "stdlib",
        "Version": "go1.21.5",
        "Type": "go-module",
        "Location": "/usr/bin/thanos",
        "PURL": "pkg:golang/stdlib@1.21.5"
      },
      "Vulnerability": {
        "ID": "CVE-2025-22866",
        "Severity": "Medium",
        "Aliases": null,
        "FixedVersion": "1.22.12, 1.23.6, 1.24.0-rc.3"
      }
    }
  ],
  "DataSource": {
    "Kind": "grype-db",
    "Schema": "v6.0.2",
    "Integrity": "imported_db_archive_checksum=sha256:cb212d2776d099cb8635d5d238fcb3894ea81c0285b27911585c7556fbcb412f",
    "Date": "2025-03-06T04:06:38Z"
  }
}
